[dotenv@17.2.3] injecting env (2) from .env -- tip: тЪЩя╕П  suppress all logs with { quiet: true }
node : Test failed: GoogleGe
nerativeAIFetchError: [Googl
eGenerativeAI Error]: Error 
fetching from https://genera
tivelanguage.googleapis.com/
v1beta/models/gemini-2.0-fla
sh-exp:generateContent: [404
 Not Found] models/gemini-2.
0-flash-exp is not found for
 API version v1beta, or is n
ot supported for generateCon
tent. Call ListModels to see
 the list of available model
s and their supported method
s.
строка:1 знак:1
+ node test_api.js > test_ou
tput.txt 2>&1
+ ~~~~~~~~~~~~~~~~~~~~~~~~~~
~~~~~~~~~~~~~
    + CategoryInfo          
    : NotSpecified: (Test   
  failed: Go...ported met   
 hods.:String) [], Remot    
eException
    + FullyQualifiedErrorId 
    : NativeCommandError
 
    at handleResponseNotOk (
file:///C:/Users/Oleg/Deskto
p/roadmap-ai-main/backend/no
de_modules/@google/generativ
e-ai/dist/index.mjs:412:11)
    at process.processTicksA
ndRejections (node:internal/
process/task_queues:103:5)
    at async makeRequest (fi
le:///C:/Users/Oleg/Desktop/
roadmap-ai-main/backend/node
_modules/@google/generative-
ai/dist/index.mjs:385:9)
    at async generateContent
 (file:///C:/Users/Oleg/Desk
top/roadmap-ai-main/backend/
node_modules/@google/generat
ive-ai/dist/index.mjs:830:22
)
    at async test (file:///C
:/Users/Oleg/Desktop/roadmap
-ai-main/backend/test_api.js
:11:24) {
  status: 404,
  statusText: 'Not Found',
  errorDetails: undefined
}
